---
source: crates/ruff_linter/src/rules/pyflakes/mod.rs
---
F522.py:1:1: F522 [*] `.format` call has unused named argument(s): bar
  |
1 | "{}".format(1, bar=2)  # F522
  | ^^^^^^^^^^^^^^^^^^^^^ F522
2 | "{bar}{}".format(1, bar=2, spam=3)  # F522
3 | "{bar:{spam}}".format(bar=2, spam=3)  # No issues
  |
  = help: Remove extra named arguments: bar

ℹ Safe fix
1   |-"{}".format(1, bar=2)  # F522
  1 |+"{}".format(1, )  # F522
2 2 | "{bar}{}".format(1, bar=2, spam=3)  # F522
3 3 | "{bar:{spam}}".format(bar=2, spam=3)  # No issues
4 4 | "{bar:{spam}}".format(bar=2, spam=3, eggs=4, ham=5)  # F522

F522.py:2:1: F522 [*] `.format` call has unused named argument(s): spam
  |
1 | "{}".format(1, bar=2)  # F522
2 | "{bar}{}".format(1, bar=2, spam=3)  # F522
  | ^^^^^^^^^^^^^^^^^^^^^^^^^^^^^^^^^^ F522
3 | "{bar:{spam}}".format(bar=2, spam=3)  # No issues
4 | "{bar:{spam}}".format(bar=2, spam=3, eggs=4, ham=5)  # F522
  |
  = help: Remove extra named arguments: spam

ℹ Safe fix
1 1 | "{}".format(1, bar=2)  # F522
2   |-"{bar}{}".format(1, bar=2, spam=3)  # F522
  2 |+"{bar}{}".format(1, bar=2, )  # F522
3 3 | "{bar:{spam}}".format(bar=2, spam=3)  # No issues
4 4 | "{bar:{spam}}".format(bar=2, spam=3, eggs=4, ham=5)  # F522
5 5 | (''

F522.py:4:1: F522 [*] `.format` call has unused named argument(s): eggs, ham
  |
2 | "{bar}{}".format(1, bar=2, spam=3)  # F522
3 | "{bar:{spam}}".format(bar=2, spam=3)  # No issues
4 | "{bar:{spam}}".format(bar=2, spam=3, eggs=4, ham=5)  # F522
  | ^^^^^^^^^^^^^^^^^^^^^^^^^^^^^^^^^^^^^^^^^^^^^^^^^^^ F522
5 | (''
6 |  .format(x=2))  # F522
  |
  = help: Remove extra named arguments: eggs, ham

ℹ Safe fix
1 1 | "{}".format(1, bar=2)  # F522
2 2 | "{bar}{}".format(1, bar=2, spam=3)  # F522
3 3 | "{bar:{spam}}".format(bar=2, spam=3)  # No issues
4   |-"{bar:{spam}}".format(bar=2, spam=3, eggs=4, ham=5)  # F522
  4 |+"{bar:{spam}}".format(bar=2, spam=3, )  # F522
5 5 | (''
6 6 |  .format(x=2))  # F522
7 7 | 

F522.py:5:2: F522 [*] `.format` call has unused named argument(s): x
  |
3 |   "{bar:{spam}}".format(bar=2, spam=3)  # No issues
4 |   "{bar:{spam}}".format(bar=2, spam=3, eggs=4, ham=5)  # F522
5 |   (''
  |  __^
6 | |  .format(x=2))  # F522
  | |_____________^ F522
7 |
8 |   # https://github.com/astral-sh/ruff/issues/18806
  |
  = help: Remove extra named arguments: x

ℹ Safe fix
3 3 | "{bar:{spam}}".format(bar=2, spam=3)  # No issues
4 4 | "{bar:{spam}}".format(bar=2, spam=3, eggs=4, ham=5)  # F522
5 5 | (''
6   |- .format(x=2))  # F522
  6 |+ .format())  # F522
7 7 | 
8 8 | # https://github.com/astral-sh/ruff/issues/18806
9 9 | "Hello, {name}".format(greeting=print(1), name="World")

F522.py:9:1: F522 [*] `.format` call has unused named argument(s): greeting
  |
8 | # https://github.com/astral-sh/ruff/issues/18806
9 | "Hello, {name}".format(greeting=print(1), name="World")
  | ^^^^^^^^^^^^^^^^^^^^^^^^^^^^^^^^^^^^^^^^^^^^^^^^^^^^^^^ F522
  |
  = help: Remove extra named arguments: greeting

ℹ Unsafe fix
6 6 |  .format(x=2))  # F522
7 7 | 
8 8 | # https://github.com/astral-sh/ruff/issues/18806
9   |-"Hello, {name}".format(greeting=print(1), name="World")
  9 |+"Hello, {name}".format(name="World")
